// Jest Snapshot v1, https://goo.gl/fbAQLP

exports[`<PostCard /> should match snapshot 1`] = `
<div
  class="post"
>
  <img
    alt="algum title"
    src="img/img.png"
  />
  <div
    class="posts-content"
  >
    <h1>
      algum title
       
      1
    </h1>
    <p>
      algum body
    </p>
    <p>
      u
    </p>
  </div>
</div>
`;
